2026-01-15 02:32:46.317: [INFO][Sync] Reset engine, reason: 8
2026-01-15 02:32:46.317: [INFO][Sync] Stopped: Bookmarks
2026-01-15 02:32:46.317: [INFO][Sync] Stopped: Preferences
2026-01-15 02:32:46.317: [INFO][Sync] Stopped: Passwords
2026-01-15 02:32:46.317: [INFO][Sync] Stopped: Autofill Profiles
2026-01-15 02:32:46.317: [INFO][Sync] Stopped: Autofill
2026-01-15 02:32:46.317: [INFO][Sync] Stopped: Extensions
2026-01-15 02:32:46.317: [INFO][Sync] Stopped: Sessions
2026-01-15 02:32:46.317: [INFO][Sync] Stopped: Extension settings
2026-01-15 02:32:46.317: [INFO][Sync] Stopped: History Delete Directives
2026-01-15 02:32:46.317: [INFO][Sync] Stopped: Device Info
2026-01-15 02:32:46.317: [INFO][Sync] Stopped: User Consents
2026-01-15 02:32:46.317: [INFO][Sync] Stopped: Send Tab To Self
2026-01-15 02:32:46.317: [INFO][Sync] Stopped: Web Apps
2026-01-15 02:32:46.317: [INFO][Sync] Stopped: History
2026-01-15 02:32:46.317: [INFO][Sync] Stopped: Saved Tab Group
2026-01-15 02:32:46.317: [INFO][Sync] Stopped: WebAuthn Credentials
2026-01-15 02:32:46.317: [INFO][Sync] Stopped: Collection
2026-01-15 02:32:46.317: [INFO][Sync] Stopped: Edge E Drop
2026-01-15 02:32:46.317: [INFO][Sync] Stopped: Edge Hub App Usage
2026-01-15 02:32:46.317: [INFO][Sync] Stopped: Edge Wallet
2026-01-15 02:32:46.318: [INFO][Sync] SyncState after authenticated was: NotSignedIn
2026-01-15 02:32:46.472: [INFO][Sync] Reset engine, reason: 8
2026-01-15 02:32:46.472: [INFO][Sync] Stopped: Bookmarks
2026-01-15 02:32:46.472: [INFO][Sync] Stopped: Preferences
2026-01-15 02:32:46.472: [INFO][Sync] Stopped: Passwords
2026-01-15 02:32:46.472: [INFO][Sync] Stopped: Autofill Profiles
2026-01-15 02:32:46.472: [INFO][Sync] Stopped: Autofill
2026-01-15 02:32:46.472: [INFO][Sync] Stopped: Extensions
2026-01-15 02:32:46.472: [INFO][Sync] Stopped: Sessions
2026-01-15 02:32:46.472: [INFO][Sync] Stopped: Extension settings
2026-01-15 02:32:46.472: [INFO][Sync] Stopped: History Delete Directives
2026-01-15 02:32:46.472: [INFO][Sync] Stopped: Device Info
2026-01-15 02:32:46.472: [INFO][Sync] Stopped: User Consents
2026-01-15 02:32:46.472: [INFO][Sync] Stopped: Send Tab To Self
2026-01-15 02:32:46.472: [INFO][Sync] Stopped: Web Apps
2026-01-15 02:32:46.472: [INFO][Sync] Stopped: History
2026-01-15 02:32:46.472: [INFO][Sync] Stopped: Saved Tab Group
2026-01-15 02:32:46.472: [INFO][Sync] Stopped: WebAuthn Credentials
2026-01-15 02:32:46.472: [INFO][Sync] Stopped: Collection
2026-01-15 02:32:46.472: [INFO][Sync] Stopped: Edge E Drop
2026-01-15 02:32:46.472: [INFO][Sync] Stopped: Edge Hub App Usage
2026-01-15 02:32:46.472: [INFO][Sync] Stopped: Edge Wallet
2026-01-15 03:11:48.733: [INFO][Sync] Reset engine, reason: 8
2026-01-15 03:11:48.733: [INFO][Sync] Stopped: Bookmarks
2026-01-15 03:11:48.733: [INFO][Sync] Stopped: Preferences
2026-01-15 03:11:48.733: [INFO][Sync] Stopped: Passwords
2026-01-15 03:11:48.733: [INFO][Sync] Stopped: Autofill Profiles
2026-01-15 03:11:48.733: [INFO][Sync] Stopped: Autofill
2026-01-15 03:11:48.733: [INFO][Sync] Stopped: Extensions
2026-01-15 03:11:48.733: [INFO][Sync] Stopped: Sessions
2026-01-15 03:11:48.733: [INFO][Sync] Stopped: Extension settings
2026-01-15 03:11:48.733: [INFO][Sync] Stopped: History Delete Directives
2026-01-15 03:11:48.733: [INFO][Sync] Stopped: Device Info
2026-01-15 03:11:48.733: [INFO][Sync] Stopped: User Consents
2026-01-15 03:11:48.733: [INFO][Sync] Stopped: Send Tab To Self
2026-01-15 03:11:48.733: [INFO][Sync] Stopped: Web Apps
2026-01-15 03:11:48.733: [INFO][Sync] Stopped: History
2026-01-15 03:11:48.733: [INFO][Sync] Stopped: Saved Tab Group
2026-01-15 03:11:48.733: [INFO][Sync] Stopped: WebAuthn Credentials
2026-01-15 03:11:48.733: [INFO][Sync] Stopped: Collection
2026-01-15 03:11:48.733: [INFO][Sync] Stopped: Edge E Drop
2026-01-15 03:11:48.733: [INFO][Sync] Stopped: Edge Hub App Usage
2026-01-15 03:11:48.733: [INFO][Sync] Stopped: Edge Wallet
2026-01-15 03:11:48.733: [INFO][Sync] SyncState after authenticated was: NotSignedIn
2026-01-15 03:11:48.836: [INFO][Sync] Reset engine, reason: 8
2026-01-15 03:11:48.836: [INFO][Sync] Stopped: Bookmarks
2026-01-15 03:11:48.836: [INFO][Sync] Stopped: Preferences
2026-01-15 03:11:48.836: [INFO][Sync] Stopped: Passwords
2026-01-15 03:11:48.836: [INFO][Sync] Stopped: Autofill Profiles
2026-01-15 03:11:48.836: [INFO][Sync] Stopped: Autofill
2026-01-15 03:11:48.836: [INFO][Sync] Stopped: Extensions
2026-01-15 03:11:48.836: [INFO][Sync] Stopped: Sessions
2026-01-15 03:11:48.836: [INFO][Sync] Stopped: Extension settings
2026-01-15 03:11:48.836: [INFO][Sync] Stopped: History Delete Directives
2026-01-15 03:11:48.836: [INFO][Sync] Stopped: Device Info
2026-01-15 03:11:48.836: [INFO][Sync] Stopped: User Consents
2026-01-15 03:11:48.836: [INFO][Sync] Stopped: Send Tab To Self
2026-01-15 03:11:48.836: [INFO][Sync] Stopped: Web Apps
2026-01-15 03:11:48.836: [INFO][Sync] Stopped: History
2026-01-15 03:11:48.836: [INFO][Sync] Stopped: Saved Tab Group
2026-01-15 03:11:48.836: [INFO][Sync] Stopped: WebAuthn Credentials
2026-01-15 03:11:48.836: [INFO][Sync] Stopped: Collection
2026-01-15 03:11:48.836: [INFO][Sync] Stopped: Edge E Drop
2026-01-15 03:11:48.836: [INFO][Sync] Stopped: Edge Hub App Usage
2026-01-15 03:11:48.836: [INFO][Sync] Stopped: Edge Wallet
2026-01-15 03:43:57.158: [INFO][Sync] Reset engine, reason: 0
2026-01-15 03:44:55.895: [INFO][Sync] Reset engine, reason: 8
2026-01-15 03:44:55.895: [INFO][Sync] Stopped: Bookmarks
2026-01-15 03:44:55.895: [INFO][Sync] Stopped: Preferences
2026-01-15 03:44:55.895: [INFO][Sync] Stopped: Passwords
2026-01-15 03:44:55.895: [INFO][Sync] Stopped: Autofill Profiles
2026-01-15 03:44:55.895: [INFO][Sync] Stopped: Autofill
2026-01-15 03:44:55.895: [INFO][Sync] Stopped: Extensions
2026-01-15 03:44:55.895: [INFO][Sync] Stopped: Sessions
2026-01-15 03:44:55.895: [INFO][Sync] Stopped: Extension settings
2026-01-15 03:44:55.895: [INFO][Sync] Stopped: History Delete Directives
2026-01-15 03:44:55.895: [INFO][Sync] Stopped: Device Info
2026-01-15 03:44:55.895: [INFO][Sync] Stopped: User Consents
2026-01-15 03:44:55.895: [INFO][Sync] Stopped: Send Tab To Self
2026-01-15 03:44:55.895: [INFO][Sync] Stopped: Web Apps
2026-01-15 03:44:55.895: [INFO][Sync] Stopped: History
2026-01-15 03:44:55.895: [INFO][Sync] Stopped: Saved Tab Group
2026-01-15 03:44:55.895: [INFO][Sync] Stopped: WebAuthn Credentials
2026-01-15 03:44:55.895: [INFO][Sync] Stopped: Collection
2026-01-15 03:44:55.895: [INFO][Sync] Stopped: Edge E Drop
2026-01-15 03:44:55.895: [INFO][Sync] Stopped: Edge Hub App Usage
2026-01-15 03:44:55.895: [INFO][Sync] Stopped: Edge Wallet
2026-01-15 03:44:55.895: [INFO][Sync] SyncState after authenticated was: NotSignedIn
2026-01-15 03:44:56.002: [INFO][Sync] Reset engine, reason: 8
2026-01-15 03:44:56.002: [INFO][Sync] Stopped: Bookmarks
2026-01-15 03:44:56.002: [INFO][Sync] Stopped: Preferences
2026-01-15 03:44:56.002: [INFO][Sync] Stopped: Passwords
2026-01-15 03:44:56.002: [INFO][Sync] Stopped: Autofill Profiles
2026-01-15 03:44:56.002: [INFO][Sync] Stopped: Autofill
2026-01-15 03:44:56.002: [INFO][Sync] Stopped: Extensions
2026-01-15 03:44:56.002: [INFO][Sync] Stopped: Sessions
2026-01-15 03:44:56.002: [INFO][Sync] Stopped: Extension settings
2026-01-15 03:44:56.002: [INFO][Sync] Stopped: History Delete Directives
2026-01-15 03:44:56.002: [INFO][Sync] Stopped: Device Info
2026-01-15 03:44:56.002: [INFO][Sync] Stopped: User Consents
2026-01-15 03:44:56.002: [INFO][Sync] Stopped: Send Tab To Self
2026-01-15 03:44:56.002: [INFO][Sync] Stopped: Web Apps
2026-01-15 03:44:56.002: [INFO][Sync] Stopped: History
2026-01-15 03:44:56.002: [INFO][Sync] Stopped: Saved Tab Group
2026-01-15 03:44:56.002: [INFO][Sync] Stopped: WebAuthn Credentials
2026-01-15 03:44:56.002: [INFO][Sync] Stopped: Collection
2026-01-15 03:44:56.002: [INFO][Sync] Stopped: Edge E Drop
2026-01-15 03:44:56.002: [INFO][Sync] Stopped: Edge Hub App Usage
2026-01-15 03:44:56.002: [INFO][Sync] Stopped: Edge Wallet
2026-01-15 03:57:37.097: [INFO][Sync] Reset engine, reason: 0
2026-01-15 04:19:16.772: [INFO][Sync] Reset engine, reason: 8
2026-01-15 04:19:16.772: [INFO][Sync] Stopped: Bookmarks
2026-01-15 04:19:16.772: [INFO][Sync] Stopped: Preferences
2026-01-15 04:19:16.772: [INFO][Sync] Stopped: Passwords
2026-01-15 04:19:16.772: [INFO][Sync] Stopped: Autofill Profiles
2026-01-15 04:19:16.772: [INFO][Sync] Stopped: Autofill
2026-01-15 04:19:16.772: [INFO][Sync] Stopped: Extensions
2026-01-15 04:19:16.772: [INFO][Sync] Stopped: Sessions
2026-01-15 04:19:16.772: [INFO][Sync] Stopped: Extension settings
2026-01-15 04:19:16.772: [INFO][Sync] Stopped: History Delete Directives
2026-01-15 04:19:16.772: [INFO][Sync] Stopped: Device Info
2026-01-15 04:19:16.773: [INFO][Sync] Stopped: User Consents
2026-01-15 04:19:16.773: [INFO][Sync] Stopped: Send Tab To Self
2026-01-15 04:19:16.773: [INFO][Sync] Stopped: Web Apps
2026-01-15 04:19:16.773: [INFO][Sync] Stopped: History
2026-01-15 04:19:16.773: [INFO][Sync] Stopped: Saved Tab Group
2026-01-15 04:19:16.773: [INFO][Sync] Stopped: WebAuthn Credentials
2026-01-15 04:19:16.773: [INFO][Sync] Stopped: Collection
2026-01-15 04:19:16.773: [INFO][Sync] Stopped: Edge E Drop
2026-01-15 04:19:16.773: [INFO][Sync] Stopped: Edge Hub App Usage
2026-01-15 04:19:16.773: [INFO][Sync] Stopped: Edge Wallet
2026-01-15 04:19:16.773: [INFO][Sync] SyncState after authenticated was: NotSignedIn
2026-01-15 04:19:16.880: [INFO][Sync] Reset engine, reason: 8
2026-01-15 04:19:16.880: [INFO][Sync] Stopped: Bookmarks
2026-01-15 04:19:16.881: [INFO][Sync] Stopped: Preferences
2026-01-15 04:19:16.881: [INFO][Sync] Stopped: Passwords
2026-01-15 04:19:16.881: [INFO][Sync] Stopped: Autofill Profiles
2026-01-15 04:19:16.881: [INFO][Sync] Stopped: Autofill
2026-01-15 04:19:16.881: [INFO][Sync] Stopped: Extensions
2026-01-15 04:19:16.881: [INFO][Sync] Stopped: Sessions
2026-01-15 04:19:16.881: [INFO][Sync] Stopped: Extension settings
2026-01-15 04:19:16.881: [INFO][Sync] Stopped: History Delete Directives
2026-01-15 04:19:16.881: [INFO][Sync] Stopped: Device Info
2026-01-15 04:19:16.881: [INFO][Sync] Stopped: User Consents
2026-01-15 04:19:16.881: [INFO][Sync] Stopped: Send Tab To Self
2026-01-15 04:19:16.881: [INFO][Sync] Stopped: Web Apps
2026-01-15 04:19:16.881: [INFO][Sync] Stopped: History
2026-01-15 04:19:16.881: [INFO][Sync] Stopped: Saved Tab Group
2026-01-15 04:19:16.881: [INFO][Sync] Stopped: WebAuthn Credentials
2026-01-15 04:19:16.881: [INFO][Sync] Stopped: Collection
2026-01-15 04:19:16.881: [INFO][Sync] Stopped: Edge E Drop
2026-01-15 04:19:16.881: [INFO][Sync] Stopped: Edge Hub App Usage
2026-01-15 04:19:16.881: [INFO][Sync] Stopped: Edge Wallet
2026-01-15 05:57:49.781: [INFO][Sync] Reset engine, reason: 0
