2026-01-15 02:32:46.393: [INFO] VisibilityChanged: 0
2026-01-15 02:32:46.425: [INFO] RecordSyncInitDuration has_sync_been_enabled: 0 state: 0
2026-01-15 02:32:46.425: [INFO] RecordSyncInitDuration has_sync_been_enabled: 0 state: 0
2026-01-15 02:32:46.426: [INFO] RecordSyncInitDuration has_sync_been_enabled: 0 state: 0
2026-01-15 02:32:46.426: [INFO] RecordSyncInitDuration has_sync_been_enabled: 0 state: 0
2026-01-15 02:32:46.427: [INFO] RecordSyncInitDuration has_sync_been_enabled: 0 state: 0
2026-01-15 02:32:46.427: [INFO] RecordSyncInitDuration has_sync_been_enabled: 0 state: 0
2026-01-15 02:32:46.427: [INFO] RecordSyncInitDuration has_sync_been_enabled: 0 state: 0
2026-01-15 02:32:46.428: [INFO] RecordSyncInitDuration has_sync_been_enabled: 0 state: 0
2026-01-15 02:32:46.428: [INFO] RecordSyncInitDuration has_sync_been_enabled: 0 state: 0
2026-01-15 02:32:46.429: [INFO] RecordSyncInitDuration has_sync_been_enabled: 0 state: 0
2026-01-15 02:32:46.429: [INFO] RecordSyncInitDuration has_sync_been_enabled: 0 state: 0
2026-01-15 02:32:46.434: [INFO] BookmarkNodeAdded, ABU: 0
2026-01-15 02:32:46.434: [INFO] BookmarkModelLoaded, ids_reassigned: 0
2026-01-15 02:32:46.434: [INFO] OnDoneLoading sync enabled: 0
2026-01-15 02:32:46.473: [INFO] RecordSyncInitDuration has_sync_been_enabled: 0 state: 0
2026-01-15 03:11:48.799: [INFO] VisibilityChanged: 0
2026-01-15 03:11:48.835: [INFO] BookmarkNodeAdded, ABU: 0
2026-01-15 03:11:48.835: [INFO] BookmarkModelLoaded, ids_reassigned: 0
2026-01-15 03:11:48.835: [INFO] OnDoneLoading sync enabled: 0
2026-01-15 03:11:48.836: [INFO] RecordSyncInitDuration has_sync_been_enabled: 0 state: 0
2026-01-15 03:44:55.962: [INFO] VisibilityChanged: 0
2026-01-15 03:44:56.002: [INFO] BookmarkNodeAdded, ABU: 0
2026-01-15 03:44:56.002: [INFO] BookmarkModelLoaded, ids_reassigned: 0
2026-01-15 03:44:56.002: [INFO] OnDoneLoading sync enabled: 0
2026-01-15 03:44:56.003: [INFO] RecordSyncInitDuration has_sync_been_enabled: 0 state: 0
2026-01-15 04:19:16.840: [INFO] VisibilityChanged: 0
2026-01-15 04:19:16.880: [INFO] BookmarkNodeAdded, ABU: 0
2026-01-15 04:19:16.880: [INFO] BookmarkModelLoaded, ids_reassigned: 0
2026-01-15 04:19:16.880: [INFO] OnDoneLoading sync enabled: 0
2026-01-15 04:19:16.881: [INFO] RecordSyncInitDuration has_sync_been_enabled: 0 state: 0
